<testsuite errors="0" failures="0" name="Django Project Tests" skips="0" tests="5" time="8.587"><testcase classname="eventify_api.tests.VenueTests" name="test_detail_venues" time="0.238215" /><testcase classname="eventify_api.tests.VenueTests" name="test_list_venues" time="0.030247" /><testcase classname="eventify_api.tests.EventifyAttachmentCreationTest" name="test_attachment_url_creation" time="7.122279" /><testcase classname="eventify_api.tests.EventifyUserTokenGenerationTests" name="test_token_creation_on_new_user" time="0.012515" /><testcase classname="eventify_api.tests.FirebaseJWParsingTest" name="test_firebase_token_parsing" time="1.178473" /></testsuite>